// Jest Snapshot v1, https://goo.gl/fbAQLP

exports[`matches snapshot 1`] = `
<DocumentFragment>
  <div
    class="LoginForm mt-5 container"
  >
    <div
      class="row"
    >
      <div
        class="text-center mt-3 p-4 col"
      >
        <h2
          class="log mb-3"
        >
          Sign Up
        </h2>
        <form>
          <div
            class="form-group"
          >
            <input
              class="form-control mb-4"
              name="username"
              placeholder="Enter username"
              required=""
              value=""
            />
          </div>
          <div
            class="form-group"
          >
            <input
              class="form-control mb-4"
              name="email"
              placeholder="Enter email"
              required=""
              type="email"
              value=""
            />
          </div>
          <div>
            <input
              class=" form-control mb-4"
              name="password"
              placeholder="Password"
              required=""
              type="password"
              value=""
            />
          </div>
          <button
            class="btn btn-primary"
          >
            Sign Up
          </button>
        </form>
        <div
          class="text-center"
        >
          <p
            class="mt-4"
          >
            Do you have an account?
          </p>
          <a
            class="link-sign"
            href="/login"
          >
            LOGIN NOW
          </a>
        </div>
      </div>
      <div
        class="col-lg-8 col-md-6 col-sm-12"
      >
        <img
          alt="login"
          class="w-100"
          src="login.svg"
        />
      </div>
    </div>
  </div>
</DocumentFragment>
`;
